Using launch settings from Kemit\Properties\launchSettings.json...
info: Microsoft.EntityFrameworkCore.Database.Command[20101]
      Executed DbCommand (35ms) [Parameters=[], CommandType='Text', CommandTimeout='30']
      SELECT 1
info: Microsoft.EntityFrameworkCore.Database.Command[20101]
      Executed DbCommand (37ms) [Parameters=[], CommandType='Text', CommandTimeout='30']
      SELECT OBJECT_ID(N'[__EFMigrationsHistory]');
info: Microsoft.EntityFrameworkCore.Database.Command[20101]
      Executed DbCommand (6ms) [Parameters=[], CommandType='Text', CommandTimeout='30']
      SELECT [MigrationId], [ProductVersion]
      FROM [__EFMigrationsHistory]
      ORDER BY [MigrationId];
info: Microsoft.EntityFrameworkCore.Database.Command[20101]
      Executed DbCommand (2ms) [Parameters=[], CommandType='Text', CommandTimeout='30']
      SELECT 1
info: Microsoft.EntityFrameworkCore.Database.Command[20101]
      Executed DbCommand (9ms) [Parameters=[], CommandType='Text', CommandTimeout='30']
      SELECT OBJECT_ID(N'[__EFMigrationsHistory]');
info: Microsoft.EntityFrameworkCore.Database.Command[20101]
      Executed DbCommand (4ms) [Parameters=[], CommandType='Text', CommandTimeout='30']
      SELECT [MigrationId], [ProductVersion]
      FROM [__EFMigrationsHistory]
      ORDER BY [MigrationId];
info: Microsoft.EntityFrameworkCore.Database.Command[20101]
      Executed DbCommand (19ms) [Parameters=[@__normalizedName_0='?' (Size = 256)], CommandType='Text', CommandTimeout='30']
      SELECT TOP(1) [r].[Id], [r].[ConcurrencyStamp], [r].[Name], [r].[NormalizedName]
      FROM [Roles] AS [r]
      WHERE [r].[NormalizedName] = @__normalizedName_0
info: Microsoft.EntityFrameworkCore.Database.Command[20101]
      Executed DbCommand (1ms) [Parameters=[@__normalizedName_0='?' (Size = 256)], CommandType='Text', CommandTimeout='30']
      SELECT TOP(1) [r].[Id], [r].[ConcurrencyStamp], [r].[Name], [r].[NormalizedName]
      FROM [Roles] AS [r]
      WHERE [r].[NormalizedName] = @__normalizedName_0
info: Microsoft.EntityFrameworkCore.Database.Command[20101]
      Executed DbCommand (0ms) [Parameters=[@__normalizedName_0='?' (Size = 256)], CommandType='Text', CommandTimeout='30']
      SELECT TOP(1) [r].[Id], [r].[ConcurrencyStamp], [r].[Name], [r].[NormalizedName]
      FROM [Roles] AS [r]
      WHERE [r].[NormalizedName] = @__normalizedName_0
info: Microsoft.EntityFrameworkCore.Database.Command[20101]
      Executed DbCommand (3ms) [Parameters=[], CommandType='Text', CommandTimeout='30']
      SELECT CASE
          WHEN EXISTS (
              SELECT 1
              FROM [Permissions] AS [p]) THEN CAST(1 AS bit)
          ELSE CAST(0 AS bit)
      END
info: Microsoft.EntityFrameworkCore.Database.Command[20101]
      Executed DbCommand (1ms) [Parameters=[@__normalizedName_0='?' (Size = 256)], CommandType='Text', CommandTimeout='30']
      SELECT TOP(1) [r].[Id], [r].[ConcurrencyStamp], [r].[Name], [r].[NormalizedName]
      FROM [Roles] AS [r]
      WHERE [r].[NormalizedName] = @__normalizedName_0
info: Microsoft.EntityFrameworkCore.Database.Command[20101]
      Executed DbCommand (0ms) [Parameters=[@__normalizedName_0='?' (Size = 256)], CommandType='Text', CommandTimeout='30']
      SELECT TOP(1) [r].[Id], [r].[ConcurrencyStamp], [r].[Name], [r].[NormalizedName]
      FROM [Roles] AS [r]
      WHERE [r].[NormalizedName] = @__normalizedName_0
info: Microsoft.EntityFrameworkCore.Database.Command[20101]
      Executed DbCommand (0ms) [Parameters=[@__normalizedName_0='?' (Size = 256)], CommandType='Text', CommandTimeout='30']
      SELECT TOP(1) [r].[Id], [r].[ConcurrencyStamp], [r].[Name], [r].[NormalizedName]
      FROM [Roles] AS [r]
      WHERE [r].[NormalizedName] = @__normalizedName_0
info: Microsoft.EntityFrameworkCore.Database.Command[20101]
      Executed DbCommand (2ms) [Parameters=[], CommandType='Text', CommandTimeout='30']
      SELECT [p].[Id], [p].[Code], [p].[Name]
      FROM [Permissions] AS [p]
info: Microsoft.EntityFrameworkCore.Database.Command[20101]
      Executed DbCommand (5ms) [Parameters=[@__8__locals1_superAdminRole_Id_0='?' (Size = 450), @__permission_Id_1='?' (DbType = Int32)], CommandType='Text', CommandTimeout='30']
      SELECT CASE
          WHEN EXISTS (
              SELECT 1
              FROM [RolePermissions] AS [r]
              WHERE [r].[RoleId] = @__8__locals1_superAdminRole_Id_0 AND [r].[PermissionId] = @__permission_Id_1) THEN CAST(1 AS bit)
          ELSE CAST(0 AS bit)
      END
info: Microsoft.EntityFrameworkCore.Database.Command[20101]
      Executed DbCommand (1ms) [Parameters=[@__8__locals1_superAdminRole_Id_0='?' (Size = 450), @__permission_Id_1='?' (DbType = Int32)], CommandType='Text', CommandTimeout='30']
      SELECT CASE
          WHEN EXISTS (
              SELECT 1
              FROM [RolePermissions] AS [r]
              WHERE [r].[RoleId] = @__8__locals1_superAdminRole_Id_0 AND [r].[PermissionId] = @__permission_Id_1) THEN CAST(1 AS bit)
          ELSE CAST(0 AS bit)
      END
info: Microsoft.EntityFrameworkCore.Database.Command[20101]
      Executed DbCommand (0ms) [Parameters=[@__8__locals1_superAdminRole_Id_0='?' (Size = 450), @__permission_Id_1='?' (DbType = Int32)], CommandType='Text', CommandTimeout='30']
      SELECT CASE
          WHEN EXISTS (
              SELECT 1
              FROM [RolePermissions] AS [r]
              WHERE [r].[RoleId] = @__8__locals1_superAdminRole_Id_0 AND [r].[PermissionId] = @__permission_Id_1) THEN CAST(1 AS bit)
          ELSE CAST(0 AS bit)
      END
info: Microsoft.EntityFrameworkCore.Database.Command[20101]
      Executed DbCommand (0ms) [Parameters=[@__8__locals1_superAdminRole_Id_0='?' (Size = 450), @__permission_Id_1='?' (DbType = Int32)], CommandType='Text', CommandTimeout='30']
      SELECT CASE
          WHEN EXISTS (
              SELECT 1
              FROM [RolePermissions] AS [r]
              WHERE [r].[RoleId] = @__8__locals1_superAdminRole_Id_0 AND [r].[PermissionId] = @__permission_Id_1) THEN CAST(1 AS bit)
          ELSE CAST(0 AS bit)
      END
info: Microsoft.EntityFrameworkCore.Database.Command[20101]
      Executed DbCommand (0ms) [Parameters=[@__8__locals1_superAdminRole_Id_0='?' (Size = 450), @__permission_Id_1='?' (DbType = Int32)], CommandType='Text', CommandTimeout='30']
      SELECT CASE
          WHEN EXISTS (
              SELECT 1
              FROM [RolePermissions] AS [r]
              WHERE [r].[RoleId] = @__8__locals1_superAdminRole_Id_0 AND [r].[PermissionId] = @__permission_Id_1) THEN CAST(1 AS bit)
          ELSE CAST(0 AS bit)
      END
info: Microsoft.EntityFrameworkCore.Database.Command[20101]
      Executed DbCommand (2ms) [Parameters=[@__8__locals2_adminRole_Id_0='?' (Size = 450), @__permission_Id_1='?' (DbType = Int32)], CommandType='Text', CommandTimeout='30']
      SELECT CASE
          WHEN EXISTS (
              SELECT 1
              FROM [RolePermissions] AS [r]
              WHERE [r].[RoleId] = @__8__locals2_adminRole_Id_0 AND [r].[PermissionId] = @__permission_Id_1) THEN CAST(1 AS bit)
          ELSE CAST(0 AS bit)
      END
info: Microsoft.EntityFrameworkCore.Database.Command[20101]
      Executed DbCommand (0ms) [Parameters=[@__8__locals2_adminRole_Id_0='?' (Size = 450), @__permission_Id_1='?' (DbType = Int32)], CommandType='Text', CommandTimeout='30']
      SELECT CASE
          WHEN EXISTS (
              SELECT 1
              FROM [RolePermissions] AS [r]
              WHERE [r].[RoleId] = @__8__locals2_adminRole_Id_0 AND [r].[PermissionId] = @__permission_Id_1) THEN CAST(1 AS bit)
          ELSE CAST(0 AS bit)
      END
info: Microsoft.EntityFrameworkCore.Database.Command[20101]
      Executed DbCommand (2ms) [Parameters=[@__userRole_Id_0='?' (Size = 450), @__userPermission_Id_1='?' (DbType = Int32)], CommandType='Text', CommandTimeout='30']
      SELECT CASE
          WHEN EXISTS (
              SELECT 1
              FROM [RolePermissions] AS [r]
              WHERE [r].[RoleId] = @__userRole_Id_0 AND [r].[PermissionId] = @__userPermission_Id_1) THEN CAST(1 AS bit)
          ELSE CAST(0 AS bit)
      END
info: Microsoft.EntityFrameworkCore.Database.Command[20101]
      Executed DbCommand (4ms) [Parameters=[@__normalizedEmail_0='?' (Size = 256)], CommandType='Text', CommandTimeout='30']
      SELECT TOP(2) [u].[Id], [u].[AccessFailedCount], [u].[AvatarUrl], [u].[ConcurrencyStamp], [u].[CreatedAt], [u].[Email], [u].[EmailConfirmed], [u].[FirstName], [u].[IsActive], [u].[LastLoginAt], [u].[LastName], [u].[LockoutEnabled], [u].[LockoutEnd], [u].[NormalizedEmail], [u].[NormalizedUserName], [u].[PasswordHash], [u].[PhoneNumber], [u].[PhoneNumberConfirmed], [u].[RefreshToken], [u].[RefreshTokenExpiryTime], [u].[SecurityStamp], [u].[SubscriptionExpiryAt], [u].[SubscriptionType], [u].[TwoFactorEnabled], [u].[UserName]
      FROM [Users] AS [u]
      WHERE [u].[NormalizedEmail] = @__normalizedEmail_0
info: Microsoft.EntityFrameworkCore.Database.Command[20101]
      Executed DbCommand (1ms) [Parameters=[@__normalizedUserName_0='?' (Size = 256)], CommandType='Text', CommandTimeout='30']
      SELECT TOP(1) [u].[Id], [u].[AccessFailedCount], [u].[AvatarUrl], [u].[ConcurrencyStamp], [u].[CreatedAt], [u].[Email], [u].[EmailConfirmed], [u].[FirstName], [u].[IsActive], [u].[LastLoginAt], [u].[LastName], [u].[LockoutEnabled], [u].[LockoutEnd], [u].[NormalizedEmail], [u].[NormalizedUserName], [u].[PasswordHash], [u].[PhoneNumber], [u].[PhoneNumberConfirmed], [u].[RefreshToken], [u].[RefreshTokenExpiryTime], [u].[SecurityStamp], [u].[SubscriptionExpiryAt], [u].[SubscriptionType], [u].[TwoFactorEnabled], [u].[UserName]
      FROM [Users] AS [u]
      WHERE [u].[NormalizedUserName] = @__normalizedUserName_0
info: Microsoft.EntityFrameworkCore.Database.Command[20101]
      Executed DbCommand (1ms) [Parameters=[@__normalizedEmail_0='?' (Size = 256)], CommandType='Text', CommandTimeout='30']
      SELECT TOP(2) [u].[Id], [u].[AccessFailedCount], [u].[AvatarUrl], [u].[ConcurrencyStamp], [u].[CreatedAt], [u].[Email], [u].[EmailConfirmed], [u].[FirstName], [u].[IsActive], [u].[LastLoginAt], [u].[LastName], [u].[LockoutEnabled], [u].[LockoutEnd], [u].[NormalizedEmail], [u].[NormalizedUserName], [u].[PasswordHash], [u].[PhoneNumber], [u].[PhoneNumberConfirmed], [u].[RefreshToken], [u].[RefreshTokenExpiryTime], [u].[SecurityStamp], [u].[SubscriptionExpiryAt], [u].[SubscriptionType], [u].[TwoFactorEnabled], [u].[UserName]
      FROM [Users] AS [u]
      WHERE [u].[NormalizedEmail] = @__normalizedEmail_0
info: Microsoft.EntityFrameworkCore.Database.Command[20101]
      Executed DbCommand (6ms) [Parameters=[@p24='?' (Size = 450), @p0='?' (DbType = Int32), @p1='?' (Size = 4000), @p2='?' (Size = 4000), @p25='?' (Size = 4000), @p3='?' (DbType = DateTime2), @p4='?' (Size = 256), @p5='?' (DbType = Boolean), @p6='?' (Size = 4000), @p7='?' (DbType = Boolean), @p8='?' (DbType = DateTime2), @p9='?' (Size = 4000), @p10='?' (DbType = Boolean), @p11='?' (DbType = DateTimeOffset), @p12='?' (Size = 256), @p13='?' (Size = 256), @p14='?' (Size = 4000), @p15='?' (Size = 4000), @p16='?' (DbType = Boolean), @p17='?' (Size = 4000), @p18='?' (DbType = DateTime2), @p19='?' (Size = 4000), @p20='?' (DbType = DateTime2), @p21='?' (Size = 4000), @p22='?' (DbType = Boolean), @p23='?' (Size = 256)], CommandType='Text', CommandTimeout='30']
      SET IMPLICIT_TRANSACTIONS OFF;
      SET NOCOUNT ON;
      UPDATE [Users] SET [AccessFailedCount] = @p0, [AvatarUrl] = @p1, [ConcurrencyStamp] = @p2, [CreatedAt] = @p3, [Email] = @p4, [EmailConfirmed] = @p5, [FirstName] = @p6, [IsActive] = @p7, [LastLoginAt] = @p8, [LastName] = @p9, [LockoutEnabled] = @p10, [LockoutEnd] = @p11, [NormalizedEmail] = @p12, [NormalizedUserName] = @p13, [PasswordHash] = @p14, [PhoneNumber] = @p15, [PhoneNumberConfirmed] = @p16, [RefreshToken] = @p17, [RefreshTokenExpiryTime] = @p18, [SecurityStamp] = @p19, [SubscriptionExpiryAt] = @p20, [SubscriptionType] = @p21, [TwoFactorEnabled] = @p22, [UserName] = @p23
      OUTPUT 1
      WHERE [Id] = @p24 AND [ConcurrencyStamp] = @p25;
info: Microsoft.EntityFrameworkCore.Database.Command[20101]
      Executed DbCommand (1ms) [Parameters=[@__normalizedRoleName_0='?' (Size = 256)], CommandType='Text', CommandTimeout='30']
      SELECT TOP(2) [r].[Id], [r].[ConcurrencyStamp], [r].[Name], [r].[NormalizedName]
      FROM [Roles] AS [r]
      WHERE [r].[NormalizedName] = @__normalizedRoleName_0
info: Microsoft.EntityFrameworkCore.Database.Command[20101]
      Executed DbCommand (5ms) [Parameters=[@__p_0='?' (Size = 450), @__p_1='?' (Size = 450)], CommandType='Text', CommandTimeout='30']
      SELECT TOP(1) [u].[UserId], [u].[RoleId]
      FROM [UserRoles] AS [u]
      WHERE [u].[UserId] = @__p_0 AND [u].[RoleId] = @__p_1
info: Microsoft.EntityFrameworkCore.Database.Command[20101]
      Executed DbCommand (1ms) [Parameters=[@__normalizedEmail_0='?' (Size = 256)], CommandType='Text', CommandTimeout='30']
      SELECT TOP(2) [u].[Id], [u].[AccessFailedCount], [u].[AvatarUrl], [u].[ConcurrencyStamp], [u].[CreatedAt], [u].[Email], [u].[EmailConfirmed], [u].[FirstName], [u].[IsActive], [u].[LastLoginAt], [u].[LastName], [u].[LockoutEnabled], [u].[LockoutEnd], [u].[NormalizedEmail], [u].[NormalizedUserName], [u].[PasswordHash], [u].[PhoneNumber], [u].[PhoneNumberConfirmed], [u].[RefreshToken], [u].[RefreshTokenExpiryTime], [u].[SecurityStamp], [u].[SubscriptionExpiryAt], [u].[SubscriptionType], [u].[TwoFactorEnabled], [u].[UserName]
      FROM [Users] AS [u]
      WHERE [u].[NormalizedEmail] = @__normalizedEmail_0
info: Microsoft.EntityFrameworkCore.Database.Command[20101]
      Executed DbCommand (1ms) [Parameters=[@__normalizedUserName_0='?' (Size = 256)], CommandType='Text', CommandTimeout='30']
      SELECT TOP(1) [u].[Id], [u].[AccessFailedCount], [u].[AvatarUrl], [u].[ConcurrencyStamp], [u].[CreatedAt], [u].[Email], [u].[EmailConfirmed], [u].[FirstName], [u].[IsActive], [u].[LastLoginAt], [u].[LastName], [u].[LockoutEnabled], [u].[LockoutEnd], [u].[NormalizedEmail], [u].[NormalizedUserName], [u].[PasswordHash], [u].[PhoneNumber], [u].[PhoneNumberConfirmed], [u].[RefreshToken], [u].[RefreshTokenExpiryTime], [u].[SecurityStamp], [u].[SubscriptionExpiryAt], [u].[SubscriptionType], [u].[TwoFactorEnabled], [u].[UserName]
      FROM [Users] AS [u]
      WHERE [u].[NormalizedUserName] = @__normalizedUserName_0
info: Microsoft.EntityFrameworkCore.Database.Command[20101]
      Executed DbCommand (1ms) [Parameters=[@__normalizedEmail_0='?' (Size = 256)], CommandType='Text', CommandTimeout='30']
      SELECT TOP(2) [u].[Id], [u].[AccessFailedCount], [u].[AvatarUrl], [u].[ConcurrencyStamp], [u].[CreatedAt], [u].[Email], [u].[EmailConfirmed], [u].[FirstName], [u].[IsActive], [u].[LastLoginAt], [u].[LastName], [u].[LockoutEnabled], [u].[LockoutEnd], [u].[NormalizedEmail], [u].[NormalizedUserName], [u].[PasswordHash], [u].[PhoneNumber], [u].[PhoneNumberConfirmed], [u].[RefreshToken], [u].[RefreshTokenExpiryTime], [u].[SecurityStamp], [u].[SubscriptionExpiryAt], [u].[SubscriptionType], [u].[TwoFactorEnabled], [u].[UserName]
      FROM [Users] AS [u]
      WHERE [u].[NormalizedEmail] = @__normalizedEmail_0
info: Microsoft.EntityFrameworkCore.Database.Command[20101]
      Executed DbCommand (1ms) [Parameters=[@p24='?' (Size = 450), @p0='?' (DbType = Int32), @p1='?' (Size = 4000), @p2='?' (Size = 4000), @p25='?' (Size = 4000), @p3='?' (DbType = DateTime2), @p4='?' (Size = 256), @p5='?' (DbType = Boolean), @p6='?' (Size = 4000), @p7='?' (DbType = Boolean), @p8='?' (DbType = DateTime2), @p9='?' (Size = 4000), @p10='?' (DbType = Boolean), @p11='?' (DbType = DateTimeOffset), @p12='?' (Size = 256), @p13='?' (Size = 256), @p14='?' (Size = 4000), @p15='?' (Size = 4000), @p16='?' (DbType = Boolean), @p17='?' (Size = 4000), @p18='?' (DbType = DateTime2), @p19='?' (Size = 4000), @p20='?' (DbType = DateTime2), @p21='?' (Size = 4000), @p22='?' (DbType = Boolean), @p23='?' (Size = 256)], CommandType='Text', CommandTimeout='30']
      SET IMPLICIT_TRANSACTIONS OFF;
      SET NOCOUNT ON;
      UPDATE [Users] SET [AccessFailedCount] = @p0, [AvatarUrl] = @p1, [ConcurrencyStamp] = @p2, [CreatedAt] = @p3, [Email] = @p4, [EmailConfirmed] = @p5, [FirstName] = @p6, [IsActive] = @p7, [LastLoginAt] = @p8, [LastName] = @p9, [LockoutEnabled] = @p10, [LockoutEnd] = @p11, [NormalizedEmail] = @p12, [NormalizedUserName] = @p13, [PasswordHash] = @p14, [PhoneNumber] = @p15, [PhoneNumberConfirmed] = @p16, [RefreshToken] = @p17, [RefreshTokenExpiryTime] = @p18, [SecurityStamp] = @p19, [SubscriptionExpiryAt] = @p20, [SubscriptionType] = @p21, [TwoFactorEnabled] = @p22, [UserName] = @p23
      OUTPUT 1
      WHERE [Id] = @p24 AND [ConcurrencyStamp] = @p25;
info: Microsoft.EntityFrameworkCore.Database.Command[20101]
      Executed DbCommand (4ms) [Parameters=[@__normalizedRoleName_0='?' (Size = 256)], CommandType='Text', CommandTimeout='30']
      SELECT TOP(2) [r].[Id], [r].[ConcurrencyStamp], [r].[Name], [r].[NormalizedName]
      FROM [Roles] AS [r]
      WHERE [r].[NormalizedName] = @__normalizedRoleName_0
info: Microsoft.EntityFrameworkCore.Database.Command[20101]
      Executed DbCommand (1ms) [Parameters=[@__p_0='?' (Size = 450), @__p_1='?' (Size = 450)], CommandType='Text', CommandTimeout='30']
      SELECT TOP(1) [u].[UserId], [u].[RoleId]
      FROM [UserRoles] AS [u]
      WHERE [u].[UserId] = @__p_0 AND [u].[RoleId] = @__p_1
info: Microsoft.EntityFrameworkCore.Database.Command[20101]
      Executed DbCommand (2ms) [Parameters=[], CommandType='Text', CommandTimeout='30']
      SELECT CASE
          WHEN EXISTS (
              SELECT 1
              FROM [Governorates] AS [g]) THEN CAST(1 AS bit)
          ELSE CAST(0 AS bit)
      END
info: Microsoft.Hosting.Lifetime[14]
      Now listening on: https://localhost:7289
info: Microsoft.Hosting.Lifetime[14]
      Now listening on: http://localhost:5243
info: Microsoft.Hosting.Lifetime[0]
      Application started. Press Ctrl+C to shut down.
info: Microsoft.Hosting.Lifetime[0]
      Hosting environment: Development
info: Microsoft.Hosting.Lifetime[0]
      Content root path: D:\Downloads\kemit Antigravity\Kemit\Kemit
info: Microsoft.EntityFrameworkCore.Database.Command[20101]
      Executed DbCommand (4ms) [Parameters=[@__visitorId_0='?' (Size = 4000)], CommandType='Text', CommandTimeout='30']
      SELECT CASE
          WHEN EXISTS (
              SELECT 1
              FROM [SiteVisits] AS [s]
              WHERE [s].[VisitorId] = @__visitorId_0) THEN CAST(1 AS bit)
          ELSE CAST(0 AS bit)
      END
info: Microsoft.EntityFrameworkCore.Database.Command[20101]
      Executed DbCommand (2ms) [Parameters=[@p0='?' (Size = 4000), @p1='?' (DbType = DateTime2), @p2='?' (Size = 4000)], CommandType='Text', CommandTimeout='30']
      SET IMPLICIT_TRANSACTIONS OFF;
      SET NOCOUNT ON;
      INSERT INTO [SiteVisits] ([Path], [VisitedAt], [VisitorId])
      OUTPUT INSERTED.[Id]
      VALUES (@p0, @p1, @p2);
warn: LuckyPennySoftware.AutoMapper.License[0]
      You do not have a valid license key for the Lucky Penny software AutoMapper. This is allowed for development and testing scenarios. If you are running in production you are required to have a licensed version. Please visit https://luckypennysoftware.com to obtain a valid license.
info: Microsoft.EntityFrameworkCore.Database.Command[20101]
      Executed DbCommand (11ms) [Parameters=[@__id_0='?' (DbType = Int32)], CommandType='Text', CommandTimeout='30']
      SELECT [s].[Id], [s].[AdminNotes], [s].[CreatedAt], [s].[Description], [s].[ExpiresAt], [s].[FeaturedUntil], [s].[IsFeatured], [s].[PhoneNumber], [s].[Price], [s].[PropertyId], [s].[PublisherType], [s].[ReviewedAt], [s].[ReviewedByUserId], [s].[Slug], [s].[Status], [s].[Title], [s].[Type], [s].[UpdatedAt], [s].[UserId], [s].[ViewCount], [s].[Id0], [s].[Area], [s].[CitiesId], [s].[FloorNumber], [s].[Latitude], [s].[Longitude], [s].[NumberOfBathrooms], [s].[NumberOfBedrooms], [s].[NumberOfFloors], [s].[Type0], [s].[Id1], [s].[Id2], [p0].[Id], [p0].[ImageUrl], [p0].[IsCover], [p0].[PropertyId], [s].[GovernoratesId], [s].[Latitude0], [s].[Longitude0], [s].[Name], [s].[Latitude1], [s].[Longitude1], [s].[Name0]
      FROM (
          SELECT TOP(1) [a].[Id], [a].[AdminNotes], [a].[CreatedAt], [a].[Description], [a].[ExpiresAt], [a].[FeaturedUntil], [a].[IsFeatured], [a].[PhoneNumber], [a].[Price], [a].[PropertyId], [a].[PublisherType], [a].[ReviewedAt], [a].[ReviewedByUserId], [a].[Slug], [a].[Status], [a].[Title], [a].[Type], [a].[UpdatedAt], [a].[UserId], [a].[ViewCount], [p].[Id] AS [Id0], [p].[Area], [p].[CitiesId], [p].[FloorNumber], [p].[Latitude], [p].[Longitude], [p].[NumberOfBathrooms], [p].[NumberOfBedrooms], [p].[NumberOfFloors], [p].[Type] AS [Type0], [c].[Id] AS [Id1], [c].[GovernoratesId], [c].[Latitude] AS [Latitude0], [c].[Longitude] AS [Longitude0], [c].[Name], [g].[Id] AS [Id2], [g].[Latitude] AS [Latitude1], [g].[Longitude] AS [Longitude1], [g].[Name] AS [Name0]
          FROM [Advertisements] AS [a]
          INNER JOIN [Properties] AS [p] ON [a].[PropertyId] = [p].[Id]
          INNER JOIN [Cities] AS [c] ON [p].[CitiesId] = [c].[Id]
          INNER JOIN [Governorates] AS [g] ON [c].[GovernoratesId] = [g].[Id]
          WHERE [a].[Id] = @__id_0
      ) AS [s]
      LEFT JOIN [PropertyImages] AS [p0] ON [s].[Id0] = [p0].[PropertyId]
      ORDER BY [s].[Id], [s].[Id0], [s].[Id1], [s].[Id2]
info: Microsoft.EntityFrameworkCore.Database.Command[20101]
      Executed DbCommand (61ms) [Parameters=[@p19='?' (DbType = Int32), @p0='?' (Size = 1000), @p1='?' (DbType = DateTime2), @p2='?' (Size = 4000), @p3='?' (DbType = DateTime2), @p4='?' (DbType = DateTime2), @p5='?' (DbType = Boolean), @p6='?' (Size = 20), @p7='?' (Precision = 18) (Scale = 2) (DbType = Decimal), @p8='?' (DbType = Int32), @p9='?' (Size = 4000), @p10='?' (DbType = DateTime2), @p11='?' (Size = 450), @p12='?' (Size = 300), @p13='?' (Size = 4000), @p14='?' (Size = 200), @p15='?' (Size = 4000), @p16='?' (DbType = DateTime2), @p17='?' (Size = 450), @p18='?' (DbType = Int32)], CommandType='Text', CommandTimeout='30']
      SET IMPLICIT_TRANSACTIONS OFF;
      SET NOCOUNT ON;
      UPDATE [Advertisements] SET [AdminNotes] = @p0, [CreatedAt] = @p1, [Description] = @p2, [ExpiresAt] = @p3, [FeaturedUntil] = @p4, [IsFeatured] = @p5, [PhoneNumber] = @p6, [Price] = @p7, [PropertyId] = @p8, [PublisherType] = @p9, [ReviewedAt] = @p10, [ReviewedByUserId] = @p11, [Slug] = @p12, [Status] = @p13, [Title] = @p14, [Type] = @p15, [UpdatedAt] = @p16, [UserId] = @p17, [ViewCount] = @p18
      OUTPUT 1
      WHERE [Id] = @p19;
info: Microsoft.EntityFrameworkCore.Database.Command[20101]
      Executed DbCommand (4ms) [Parameters=[@__p_0='?' (Size = 450)], CommandType='Text', CommandTimeout='30']
      SELECT TOP(1) [u].[Id], [u].[AccessFailedCount], [u].[AvatarUrl], [u].[ConcurrencyStamp], [u].[CreatedAt], [u].[Email], [u].[EmailConfirmed], [u].[FirstName], [u].[IsActive], [u].[LastLoginAt], [u].[LastName], [u].[LockoutEnabled], [u].[LockoutEnd], [u].[NormalizedEmail], [u].[NormalizedUserName], [u].[PasswordHash], [u].[PhoneNumber], [u].[PhoneNumberConfirmed], [u].[RefreshToken], [u].[RefreshTokenExpiryTime], [u].[SecurityStamp], [u].[SubscriptionExpiryAt], [u].[SubscriptionType], [u].[TwoFactorEnabled], [u].[UserName]
      FROM [Users] AS [u]
      WHERE [u].[Id] = @__p_0
info: Microsoft.EntityFrameworkCore.Database.Command[20101]
      Executed DbCommand (5ms) [Parameters=[@__visitorId_0='?' (Size = 4000)], CommandType='Text', CommandTimeout='30']
      SELECT CASE
          WHEN EXISTS (
              SELECT 1
              FROM [SiteVisits] AS [s]
              WHERE [s].[VisitorId] = @__visitorId_0) THEN CAST(1 AS bit)
          ELSE CAST(0 AS bit)
      END
info: Microsoft.EntityFrameworkCore.Database.Command[20101]
      Executed DbCommand (2ms) [Parameters=[@p0='?' (Size = 4000), @p1='?' (DbType = DateTime2), @p2='?' (Size = 4000)], CommandType='Text', CommandTimeout='30']
      SET IMPLICIT_TRANSACTIONS OFF;
      SET NOCOUNT ON;
      INSERT INTO [SiteVisits] ([Path], [VisitedAt], [VisitorId])
      OUTPUT INSERTED.[Id]
      VALUES (@p0, @p1, @p2);
info: Microsoft.EntityFrameworkCore.Database.Command[20101]
      Executed DbCommand (8ms) [Parameters=[@__visitorId_0='?' (Size = 4000)], CommandType='Text', CommandTimeout='30']
      SELECT CASE
          WHEN EXISTS (
              SELECT 1
              FROM [SiteVisits] AS [s]
              WHERE [s].[VisitorId] = @__visitorId_0) THEN CAST(1 AS bit)
          ELSE CAST(0 AS bit)
      END
info: Microsoft.EntityFrameworkCore.Database.Command[20101]
      Executed DbCommand (2ms) [Parameters=[@__visitorId_0='?' (Size = 4000)], CommandType='Text', CommandTimeout='30']
      SELECT CASE
          WHEN EXISTS (
              SELECT 1
              FROM [SiteVisits] AS [s]
              WHERE [s].[VisitorId] = @__visitorId_0) THEN CAST(1 AS bit)
          ELSE CAST(0 AS bit)
      END
info: Microsoft.EntityFrameworkCore.Database.Command[20101]
      Executed DbCommand (20ms) [Parameters=[@p0='?' (Size = 4000), @p1='?' (DbType = DateTime2), @p2='?' (Size = 4000)], CommandType='Text', CommandTimeout='30']
      SET IMPLICIT_TRANSACTIONS OFF;
      SET NOCOUNT ON;
      INSERT INTO [SiteVisits] ([Path], [VisitedAt], [VisitorId])
      OUTPUT INSERTED.[Id]
      VALUES (@p0, @p1, @p2);
info: Microsoft.EntityFrameworkCore.Database.Command[20101]
      Executed DbCommand (23ms) [Parameters=[@__visitorId_0='?' (Size = 4000)], CommandType='Text', CommandTimeout='30']
      SELECT CASE
          WHEN EXISTS (
              SELECT 1
              FROM [SiteVisits] AS [s]
              WHERE [s].[VisitorId] = @__visitorId_0) THEN CAST(1 AS bit)
          ELSE CAST(0 AS bit)
      END
info: Microsoft.EntityFrameworkCore.Database.Command[20101]
      Executed DbCommand (1ms) [Parameters=[@p0='?' (Size = 4000), @p1='?' (DbType = DateTime2), @p2='?' (Size = 4000)], CommandType='Text', CommandTimeout='30']
      SET IMPLICIT_TRANSACTIONS OFF;
      SET NOCOUNT ON;
      INSERT INTO [SiteVisits] ([Path], [VisitedAt], [VisitorId])
      OUTPUT INSERTED.[Id]
      VALUES (@p0, @p1, @p2);
info: Microsoft.EntityFrameworkCore.Database.Command[20101]
      Executed DbCommand (31ms) [Parameters=[@p0='?' (Size = 4000), @p1='?' (DbType = DateTime2), @p2='?' (Size = 4000)], CommandType='Text', CommandTimeout='30']
      SET IMPLICIT_TRANSACTIONS OFF;
      SET NOCOUNT ON;
      INSERT INTO [SiteVisits] ([Path], [VisitedAt], [VisitorId])
      OUTPUT INSERTED.[Id]
      VALUES (@p0, @p1, @p2);
info: Microsoft.EntityFrameworkCore.Database.Command[20101]
      Executed DbCommand (10ms) [Parameters=[@__p_0='?' (DbType = Int32), @__p_1='?' (DbType = Int32)], CommandType='Text', CommandTimeout='30']
      SELECT [d0].[Id], [d0].[CreatedAt], [d0].[CreatedByUserId], [d0].[Description], [d0].[Email], [d0].[LogoUrl], [d0].[Name], [d0].[Phone], [d0].[WebsiteUrl], [p].[Id], [p].[CitiesId], [p].[CreatedAt], [p].[CreatedByUserId], [p].[DeliveryDate], [p].[Description], [p].[DeveloperId], [p].[GovernoratesId], [p].[Latitude], [p].[Longitude], [p].[MaxPrice], [p].[Name], [p].[StartingPrice], [p].[Status], [p].[VideoUrl]
      FROM (
          SELECT [d].[Id], [d].[CreatedAt], [d].[CreatedByUserId], [d].[Description], [d].[Email], [d].[LogoUrl], [d].[Name], [d].[Phone], [d].[WebsiteUrl]
          FROM [Developers] AS [d]
          ORDER BY [d].[CreatedAt] DESC
          OFFSET @__p_0 ROWS FETCH NEXT @__p_1 ROWS ONLY
      ) AS [d0]
      LEFT JOIN [projects] AS [p] ON [d0].[Id] = [p].[DeveloperId]
      ORDER BY [d0].[CreatedAt] DESC, [d0].[Id]
warn: Microsoft.EntityFrameworkCore.Query[20504]
      Compiling a query which loads related collections for more than one collection navigation, either via 'Include' or through projection, but no 'QuerySplittingBehavior' has been configured. By default, Entity Framework will use 'QuerySplittingBehavior.SingleQuery', which can potentially result in slow query performance. See https://go.microsoft.com/fwlink/?linkid=2134277 for more information. To identify the query that's triggering this warning call 'ConfigureWarnings(w => w.Throw(RelationalEventId.MultipleCollectionIncludeWarning))'.
info: Microsoft.EntityFrameworkCore.Database.Command[20101]
      Executed DbCommand (2ms) [Parameters=[], CommandType='Text', CommandTimeout='30']
      SELECT COUNT(*)
      FROM [Developers] AS [d]
info: Microsoft.EntityFrameworkCore.Database.Command[20101]
      Executed DbCommand (15ms) [Parameters=[@__p_0='?' (DbType = Int32), @__p_1='?' (DbType = Int32)], CommandType='Text', CommandTimeout='30']
      SELECT [a0].[Id], [a0].[AdminNotes], [a0].[CreatedAt], [a0].[Description], [a0].[ExpiresAt], [a0].[FeaturedUntil], [a0].[IsFeatured], [a0].[PhoneNumber], [a0].[Price], [a0].[PropertyId], [a0].[PublisherType], [a0].[ReviewedAt], [a0].[ReviewedByUserId], [a0].[Slug], [a0].[Status], [a0].[Title], [a0].[Type], [a0].[UpdatedAt], [a0].[UserId], [a0].[ViewCount], [p].[Id], [p].[Area], [p].[CitiesId], [p].[FloorNumber], [p].[Latitude], [p].[Longitude], [p].[NumberOfBathrooms], [p].[NumberOfBedrooms], [p].[NumberOfFloors], [p].[Type], [c].[Id], [g].[Id], [p0].[Id], [p0].[ImageUrl], [p0].[IsCover], [p0].[PropertyId], [c].[GovernoratesId], [c].[Latitude], [c].[Longitude], [c].[Name], [g].[Latitude], [g].[Longitude], [g].[Name]
      FROM (
          SELECT [a].[Id], [a].[AdminNotes], [a].[CreatedAt], [a].[Description], [a].[ExpiresAt], [a].[FeaturedUntil], [a].[IsFeatured], [a].[PhoneNumber], [a].[Price], [a].[PropertyId], [a].[PublisherType], [a].[ReviewedAt], [a].[ReviewedByUserId], [a].[Slug], [a].[Status], [a].[Title], [a].[Type], [a].[UpdatedAt], [a].[UserId], [a].[ViewCount]
          FROM [Advertisements] AS [a]
          WHERE [a].[Status] = N'Approved'
          ORDER BY [a].[CreatedAt] DESC
          OFFSET @__p_0 ROWS FETCH NEXT @__p_1 ROWS ONLY
      ) AS [a0]
      INNER JOIN [Properties] AS [p] ON [a0].[PropertyId] = [p].[Id]
      INNER JOIN [Cities] AS [c] ON [p].[CitiesId] = [c].[Id]
      INNER JOIN [Governorates] AS [g] ON [c].[GovernoratesId] = [g].[Id]
      LEFT JOIN [PropertyImages] AS [p0] ON [p].[Id] = [p0].[PropertyId]
      ORDER BY [a0].[CreatedAt] DESC, [a0].[Id], [p].[Id], [c].[Id], [g].[Id]
info: Microsoft.EntityFrameworkCore.Database.Command[20101]
      Executed DbCommand (5ms) [Parameters=[], CommandType='Text', CommandTimeout='30']
      SELECT COUNT(*)
      FROM [Advertisements] AS [a]
      WHERE [a].[Status] = N'Approved'
info: Microsoft.EntityFrameworkCore.Database.Command[20101]
      Executed DbCommand (28ms) [Parameters=[@__p_0='?' (DbType = Int32), @__p_1='?' (DbType = Int32)], CommandType='Text', CommandTimeout='30']
      SELECT [p0].[Id], [p0].[CitiesId], [p0].[CreatedAt], [p0].[CreatedByUserId], [p0].[DeliveryDate], [p0].[Description], [p0].[DeveloperId], [p0].[GovernoratesId], [p0].[Latitude], [p0].[Longitude], [p0].[MaxPrice], [p0].[Name], [p0].[StartingPrice], [p0].[Status], [p0].[VideoUrl], [d].[Id], [d].[CreatedAt], [d].[CreatedByUserId], [d].[Description], [d].[Email], [d].[LogoUrl], [d].[Name], [d].[Phone], [d].[WebsiteUrl], [g].[Id], [c].[Id], [p1].[Id], [p1].[ImageUrl], [p1].[IsCover], [p1].[ProjectId], [u].[Id], [u].[Area], [u].[CreatedAt], [u].[Description], [u].[FloorNumber], [u].[Latitude], [u].[Longitude], [u].[NumberOfBathrooms], [u].[NumberOfBedrooms], [u].[NumberOfFloors], [u].[Price], [u].[ProjectId], [u].[Status], [u].[Title], [u].[Type], [g].[Latitude], [g].[Longitude], [g].[Name], [c].[GovernoratesId], [c].[Latitude], [c].[Longitude], [c].[Name]
      FROM (
          SELECT [p].[Id], [p].[CitiesId], [p].[CreatedAt], [p].[CreatedByUserId], [p].[DeliveryDate], [p].[Description], [p].[DeveloperId], [p].[GovernoratesId], [p].[Latitude], [p].[Longitude], [p].[MaxPrice], [p].[Name], [p].[StartingPrice], [p].[Status], [p].[VideoUrl]
          FROM [projects] AS [p]
          ORDER BY [p].[CreatedAt] DESC
          OFFSET @__p_0 ROWS FETCH NEXT @__p_1 ROWS ONLY
      ) AS [p0]
      INNER JOIN [Developers] AS [d] ON [p0].[DeveloperId] = [d].[Id]
      INNER JOIN [Governorates] AS [g] ON [p0].[GovernoratesId] = [g].[Id]
      INNER JOIN [Cities] AS [c] ON [p0].[CitiesId] = [c].[Id]
      LEFT JOIN [ProjectImages] AS [p1] ON [p0].[Id] = [p1].[ProjectId]
      LEFT JOIN [Units] AS [u] ON [p0].[Id] = [u].[ProjectId]
      ORDER BY [p0].[CreatedAt] DESC, [p0].[Id], [d].[Id], [g].[Id], [c].[Id], [p1].[Id]
info: Microsoft.EntityFrameworkCore.Database.Command[20101]
      Executed DbCommand (12ms) [Parameters=[], CommandType='Text', CommandTimeout='30']
      SELECT COUNT(*)
      FROM [projects] AS [p]
info: Microsoft.EntityFrameworkCore.Database.Command[20101]
      Executed DbCommand (24ms) [Parameters=[@__userIds_0='?' (Size = 4000)], CommandType='Text', CommandTimeout='30']
      SELECT [u].[Id], [u].[AccessFailedCount], [u].[AvatarUrl], [u].[ConcurrencyStamp], [u].[CreatedAt], [u].[Email], [u].[EmailConfirmed], [u].[FirstName], [u].[IsActive], [u].[LastLoginAt], [u].[LastName], [u].[LockoutEnabled], [u].[LockoutEnd], [u].[NormalizedEmail], [u].[NormalizedUserName], [u].[PasswordHash], [u].[PhoneNumber], [u].[PhoneNumberConfirmed], [u].[RefreshToken], [u].[RefreshTokenExpiryTime], [u].[SecurityStamp], [u].[SubscriptionExpiryAt], [u].[SubscriptionType], [u].[TwoFactorEnabled], [u].[UserName]
      FROM [Users] AS [u]
      WHERE [u].[Id] IN (
          SELECT [u0].[value]
          FROM OPENJSON(@__userIds_0) WITH ([value] nvarchar(450) '$') AS [u0]
      )
info: Microsoft.EntityFrameworkCore.Database.Command[20101]
      Executed DbCommand (15ms) [Parameters=[@__visitorId_0='?' (Size = 4000)], CommandType='Text', CommandTimeout='30']
      SELECT CASE
          WHEN EXISTS (
              SELECT 1
              FROM [SiteVisits] AS [s]
              WHERE [s].[VisitorId] = @__visitorId_0) THEN CAST(1 AS bit)
          ELSE CAST(0 AS bit)
      END
info: Microsoft.EntityFrameworkCore.Database.Command[20101]
      Executed DbCommand (26ms) [Parameters=[@p0='?' (Size = 4000), @p1='?' (DbType = DateTime2), @p2='?' (Size = 4000)], CommandType='Text', CommandTimeout='30']
      SET IMPLICIT_TRANSACTIONS OFF;
      SET NOCOUNT ON;
      INSERT INTO [SiteVisits] ([Path], [VisitedAt], [VisitorId])
      OUTPUT INSERTED.[Id]
      VALUES (@p0, @p1, @p2);
info: Microsoft.EntityFrameworkCore.Database.Command[20101]
      Executed DbCommand (5ms) [Parameters=[@__visitorId_0='?' (Size = 4000)], CommandType='Text', CommandTimeout='30']
      SELECT CASE
          WHEN EXISTS (
              SELECT 1
              FROM [SiteVisits] AS [s]
              WHERE [s].[VisitorId] = @__visitorId_0) THEN CAST(1 AS bit)
          ELSE CAST(0 AS bit)
      END
info: Microsoft.EntityFrameworkCore.Database.Command[20101]
      Executed DbCommand (13ms) [Parameters=[@__visitorId_0='?' (Size = 4000)], CommandType='Text', CommandTimeout='30']
      SELECT CASE
          WHEN EXISTS (
              SELECT 1
              FROM [SiteVisits] AS [s]
              WHERE [s].[VisitorId] = @__visitorId_0) THEN CAST(1 AS bit)
          ELSE CAST(0 AS bit)
      END
info: Microsoft.EntityFrameworkCore.Database.Command[20101]
      Executed DbCommand (17ms) [Parameters=[@__visitorId_0='?' (Size = 4000)], CommandType='Text', CommandTimeout='30']
      SELECT CASE
          WHEN EXISTS (
              SELECT 1
              FROM [SiteVisits] AS [s]
              WHERE [s].[VisitorId] = @__visitorId_0) THEN CAST(1 AS bit)
          ELSE CAST(0 AS bit)
      END
info: Microsoft.EntityFrameworkCore.Database.Command[20101]
      Executed DbCommand (13ms) [Parameters=[@__visitorId_0='?' (Size = 4000)], CommandType='Text', CommandTimeout='30']
      SELECT CASE
          WHEN EXISTS (
              SELECT 1
              FROM [SiteVisits] AS [s]
              WHERE [s].[VisitorId] = @__visitorId_0) THEN CAST(1 AS bit)
          ELSE CAST(0 AS bit)
      END
info: Microsoft.EntityFrameworkCore.Database.Command[20101]
      Executed DbCommand (67ms) [Parameters=[@p0='?' (Size = 4000), @p1='?' (DbType = DateTime2), @p2='?' (Size = 4000)], CommandType='Text', CommandTimeout='30']
      SET IMPLICIT_TRANSACTIONS OFF;
      SET NOCOUNT ON;
      INSERT INTO [SiteVisits] ([Path], [VisitedAt], [VisitorId])
      OUTPUT INSERTED.[Id]
      VALUES (@p0, @p1, @p2);
info: Microsoft.EntityFrameworkCore.Database.Command[20101]
      Executed DbCommand (75ms) [Parameters=[@p0='?' (Size = 4000), @p1='?' (DbType = DateTime2), @p2='?' (Size = 4000)], CommandType='Text', CommandTimeout='30']
      SET IMPLICIT_TRANSACTIONS OFF;
      SET NOCOUNT ON;
      INSERT INTO [SiteVisits] ([Path], [VisitedAt], [VisitorId])
      OUTPUT INSERTED.[Id]
      VALUES (@p0, @p1, @p2);
info: Microsoft.EntityFrameworkCore.Database.Command[20101]
      Executed DbCommand (91ms) [Parameters=[@p0='?' (Size = 4000), @p1='?' (DbType = DateTime2), @p2='?' (Size = 4000)], CommandType='Text', CommandTimeout='30']
      SET IMPLICIT_TRANSACTIONS OFF;
      SET NOCOUNT ON;
      INSERT INTO [SiteVisits] ([Path], [VisitedAt], [VisitorId])
      OUTPUT INSERTED.[Id]
      VALUES (@p0, @p1, @p2);
info: Microsoft.EntityFrameworkCore.Database.Command[20101]
      Executed DbCommand (9ms) [Parameters=[@__visitorId_0='?' (Size = 4000)], CommandType='Text', CommandTimeout='30']
      SELECT CASE
          WHEN EXISTS (
              SELECT 1
              FROM [SiteVisits] AS [s]
              WHERE [s].[VisitorId] = @__visitorId_0) THEN CAST(1 AS bit)
          ELSE CAST(0 AS bit)
      END
info: Microsoft.EntityFrameworkCore.Database.Command[20101]
      Executed DbCommand (25ms) [Parameters=[@__visitorId_0='?' (Size = 4000)], CommandType='Text', CommandTimeout='30']
      SELECT CASE
          WHEN EXISTS (
              SELECT 1
              FROM [SiteVisits] AS [s]
              WHERE [s].[VisitorId] = @__visitorId_0) THEN CAST(1 AS bit)
          ELSE CAST(0 AS bit)
      END
info: Microsoft.EntityFrameworkCore.Database.Command[20101]
      Executed DbCommand (10ms) [Parameters=[@__visitorId_0='?' (Size = 4000)], CommandType='Text', CommandTimeout='30']
      SELECT CASE
          WHEN EXISTS (
              SELECT 1
              FROM [SiteVisits] AS [s]
              WHERE [s].[VisitorId] = @__visitorId_0) THEN CAST(1 AS bit)
          ELSE CAST(0 AS bit)
      END
info: Microsoft.EntityFrameworkCore.Database.Command[20101]
      Executed DbCommand (20ms) [Parameters=[@__p_0='?' (DbType = Int32), @__p_1='?' (DbType = Int32)], CommandType='Text', CommandTimeout='30']
      SELECT [d0].[Id], [d0].[CreatedAt], [d0].[CreatedByUserId], [d0].[Description], [d0].[Email], [d0].[LogoUrl], [d0].[Name], [d0].[Phone], [d0].[WebsiteUrl], [p].[Id], [p].[CitiesId], [p].[CreatedAt], [p].[CreatedByUserId], [p].[DeliveryDate], [p].[Description], [p].[DeveloperId], [p].[GovernoratesId], [p].[Latitude], [p].[Longitude], [p].[MaxPrice], [p].[Name], [p].[StartingPrice], [p].[Status], [p].[VideoUrl]
      FROM (
          SELECT [d].[Id], [d].[CreatedAt], [d].[CreatedByUserId], [d].[Description], [d].[Email], [d].[LogoUrl], [d].[Name], [d].[Phone], [d].[WebsiteUrl]
          FROM [Developers] AS [d]
          ORDER BY [d].[CreatedAt] DESC
          OFFSET @__p_0 ROWS FETCH NEXT @__p_1 ROWS ONLY
      ) AS [d0]
      LEFT JOIN [projects] AS [p] ON [d0].[Id] = [p].[DeveloperId]
      ORDER BY [d0].[CreatedAt] DESC, [d0].[Id]
info: Microsoft.EntityFrameworkCore.Database.Command[20101]
      Executed DbCommand (6ms) [Parameters=[], CommandType='Text', CommandTimeout='30']
      SELECT COUNT(*)
      FROM [Developers] AS [d]
info: Microsoft.EntityFrameworkCore.Database.Command[20101]
      Executed DbCommand (37ms) [Parameters=[@__p_0='?' (DbType = Int32), @__p_1='?' (DbType = Int32)], CommandType='Text', CommandTimeout='30']
      SELECT [p0].[Id], [p0].[CitiesId], [p0].[CreatedAt], [p0].[CreatedByUserId], [p0].[DeliveryDate], [p0].[Description], [p0].[DeveloperId], [p0].[GovernoratesId], [p0].[Latitude], [p0].[Longitude], [p0].[MaxPrice], [p0].[Name], [p0].[StartingPrice], [p0].[Status], [p0].[VideoUrl], [d].[Id], [d].[CreatedAt], [d].[CreatedByUserId], [d].[Description], [d].[Email], [d].[LogoUrl], [d].[Name], [d].[Phone], [d].[WebsiteUrl], [g].[Id], [c].[Id], [p1].[Id], [p1].[ImageUrl], [p1].[IsCover], [p1].[ProjectId], [u].[Id], [u].[Area], [u].[CreatedAt], [u].[Description], [u].[FloorNumber], [u].[Latitude], [u].[Longitude], [u].[NumberOfBathrooms], [u].[NumberOfBedrooms], [u].[NumberOfFloors], [u].[Price], [u].[ProjectId], [u].[Status], [u].[Title], [u].[Type], [g].[Latitude], [g].[Longitude], [g].[Name], [c].[GovernoratesId], [c].[Latitude], [c].[Longitude], [c].[Name]
      FROM (
          SELECT [p].[Id], [p].[CitiesId], [p].[CreatedAt], [p].[CreatedByUserId], [p].[DeliveryDate], [p].[Description], [p].[DeveloperId], [p].[GovernoratesId], [p].[Latitude], [p].[Longitude], [p].[MaxPrice], [p].[Name], [p].[StartingPrice], [p].[Status], [p].[VideoUrl]
          FROM [projects] AS [p]
          ORDER BY [p].[CreatedAt] DESC
          OFFSET @__p_0 ROWS FETCH NEXT @__p_1 ROWS ONLY
      ) AS [p0]
      INNER JOIN [Developers] AS [d] ON [p0].[DeveloperId] = [d].[Id]
      INNER JOIN [Governorates] AS [g] ON [p0].[GovernoratesId] = [g].[Id]
      INNER JOIN [Cities] AS [c] ON [p0].[CitiesId] = [c].[Id]
      LEFT JOIN [ProjectImages] AS [p1] ON [p0].[Id] = [p1].[ProjectId]
      LEFT JOIN [Units] AS [u] ON [p0].[Id] = [u].[ProjectId]
      ORDER BY [p0].[CreatedAt] DESC, [p0].[Id], [d].[Id], [g].[Id], [c].[Id], [p1].[Id]
info: Microsoft.EntityFrameworkCore.Database.Command[20101]
      Executed DbCommand (3ms) [Parameters=[], CommandType='Text', CommandTimeout='30']
      SELECT COUNT(*)
      FROM [projects] AS [p]
info: Microsoft.EntityFrameworkCore.Database.Command[20101]
      Executed DbCommand (68ms) [Parameters=[@__p_0='?' (DbType = Int32), @__p_1='?' (DbType = Int32)], CommandType='Text', CommandTimeout='30']
      SELECT [a0].[Id], [a0].[AdminNotes], [a0].[CreatedAt], [a0].[Description], [a0].[ExpiresAt], [a0].[FeaturedUntil], [a0].[IsFeatured], [a0].[PhoneNumber], [a0].[Price], [a0].[PropertyId], [a0].[PublisherType], [a0].[ReviewedAt], [a0].[ReviewedByUserId], [a0].[Slug], [a0].[Status], [a0].[Title], [a0].[Type], [a0].[UpdatedAt], [a0].[UserId], [a0].[ViewCount], [p].[Id], [p].[Area], [p].[CitiesId], [p].[FloorNumber], [p].[Latitude], [p].[Longitude], [p].[NumberOfBathrooms], [p].[NumberOfBedrooms], [p].[NumberOfFloors], [p].[Type], [c].[Id], [g].[Id], [p0].[Id], [p0].[ImageUrl], [p0].[IsCover], [p0].[PropertyId], [c].[GovernoratesId], [c].[Latitude], [c].[Longitude], [c].[Name], [g].[Latitude], [g].[Longitude], [g].[Name]
      FROM (
          SELECT [a].[Id], [a].[AdminNotes], [a].[CreatedAt], [a].[Description], [a].[ExpiresAt], [a].[FeaturedUntil], [a].[IsFeatured], [a].[PhoneNumber], [a].[Price], [a].[PropertyId], [a].[PublisherType], [a].[ReviewedAt], [a].[ReviewedByUserId], [a].[Slug], [a].[Status], [a].[Title], [a].[Type], [a].[UpdatedAt], [a].[UserId], [a].[ViewCount]
          FROM [Advertisements] AS [a]
          WHERE [a].[Status] = N'Approved'
          ORDER BY [a].[CreatedAt] DESC
          OFFSET @__p_0 ROWS FETCH NEXT @__p_1 ROWS ONLY
      ) AS [a0]
      INNER JOIN [Properties] AS [p] ON [a0].[PropertyId] = [p].[Id]
      INNER JOIN [Cities] AS [c] ON [p].[CitiesId] = [c].[Id]
      INNER JOIN [Governorates] AS [g] ON [c].[GovernoratesId] = [g].[Id]
      LEFT JOIN [PropertyImages] AS [p0] ON [p].[Id] = [p0].[PropertyId]
      ORDER BY [a0].[CreatedAt] DESC, [a0].[Id], [p].[Id], [c].[Id], [g].[Id]
info: Microsoft.EntityFrameworkCore.Database.Command[20101]
      Executed DbCommand (3ms) [Parameters=[], CommandType='Text', CommandTimeout='30']
      SELECT COUNT(*)
      FROM [Advertisements] AS [a]
      WHERE [a].[Status] = N'Approved'
info: Microsoft.EntityFrameworkCore.Database.Command[20101]
      Executed DbCommand (17ms) [Parameters=[@__userIds_0='?' (Size = 4000)], CommandType='Text', CommandTimeout='30']
      SELECT [u].[Id], [u].[AccessFailedCount], [u].[AvatarUrl], [u].[ConcurrencyStamp], [u].[CreatedAt], [u].[Email], [u].[EmailConfirmed], [u].[FirstName], [u].[IsActive], [u].[LastLoginAt], [u].[LastName], [u].[LockoutEnabled], [u].[LockoutEnd], [u].[NormalizedEmail], [u].[NormalizedUserName], [u].[PasswordHash], [u].[PhoneNumber], [u].[PhoneNumberConfirmed], [u].[RefreshToken], [u].[RefreshTokenExpiryTime], [u].[SecurityStamp], [u].[SubscriptionExpiryAt], [u].[SubscriptionType], [u].[TwoFactorEnabled], [u].[UserName]
      FROM [Users] AS [u]
      WHERE [u].[Id] IN (
          SELECT [u0].[value]
          FROM OPENJSON(@__userIds_0) WITH ([value] nvarchar(450) '$') AS [u0]
      )
info: Microsoft.EntityFrameworkCore.Database.Command[20101]
      Executed DbCommand (11ms) [Parameters=[@__visitorId_0='?' (Size = 4000)], CommandType='Text', CommandTimeout='30']
      SELECT CASE
          WHEN EXISTS (
              SELECT 1
              FROM [SiteVisits] AS [s]
              WHERE [s].[VisitorId] = @__visitorId_0) THEN CAST(1 AS bit)
          ELSE CAST(0 AS bit)
      END
info: Microsoft.EntityFrameworkCore.Database.Command[20101]
      Executed DbCommand (8ms) [Parameters=[@p0='?' (Size = 4000), @p1='?' (DbType = DateTime2), @p2='?' (Size = 4000)], CommandType='Text', CommandTimeout='30']
      SET IMPLICIT_TRANSACTIONS OFF;
      SET NOCOUNT ON;
      INSERT INTO [SiteVisits] ([Path], [VisitedAt], [VisitorId])
      OUTPUT INSERTED.[Id]
      VALUES (@p0, @p1, @p2);
info: Microsoft.EntityFrameworkCore.Database.Command[20101]
      Executed DbCommand (56ms) [Parameters=[@__visitorId_0='?' (Size = 4000)], CommandType='Text', CommandTimeout='30']
      SELECT CASE
          WHEN EXISTS (
              SELECT 1
              FROM [SiteVisits] AS [s]
              WHERE [s].[VisitorId] = @__visitorId_0) THEN CAST(1 AS bit)
          ELSE CAST(0 AS bit)
      END
info: Microsoft.EntityFrameworkCore.Database.Command[20101]
      Executed DbCommand (56ms) [Parameters=[@__userId_0='?' (Size = 450)], CommandType='Text', CommandTimeout='30']
      SELECT [f].[Id], [f].[AdvertisementId], [f].[CreatedAt], [f].[UserId], [a].[Id], [a].[AdminNotes], [a].[CreatedAt], [a].[Description], [a].[ExpiresAt], [a].[FeaturedUntil], [a].[IsFeatured], [a].[PhoneNumber], [a].[Price], [a].[PropertyId], [a].[PublisherType], [a].[ReviewedAt], [a].[ReviewedByUserId], [a].[Slug], [a].[Status], [a].[Title], [a].[Type], [a].[UpdatedAt], [a].[UserId], [a].[ViewCount], [p].[Id], [p].[Area], [p].[CitiesId], [p].[FloorNumber], [p].[Latitude], [p].[Longitude], [p].[NumberOfBathrooms], [p].[NumberOfBedrooms], [p].[NumberOfFloors], [p].[Type], [c].[Id], [c].[GovernoratesId], [c].[Latitude], [c].[Longitude], [c].[Name], [g].[Id], [g].[Latitude], [g].[Longitude], [g].[Name], [p0].[Id], [p0].[ImageUrl], [p0].[IsCover], [p0].[PropertyId]
      FROM [Favorites] AS [f]
      INNER JOIN [Advertisements] AS [a] ON [f].[AdvertisementId] = [a].[Id]
      INNER JOIN [Properties] AS [p] ON [a].[PropertyId] = [p].[Id]
      INNER JOIN [Cities] AS [c] ON [p].[CitiesId] = [c].[Id]
      INNER JOIN [Governorates] AS [g] ON [c].[GovernoratesId] = [g].[Id]
      LEFT JOIN [PropertyImages] AS [p0] ON [p].[Id] = [p0].[PropertyId]
      WHERE [f].[UserId] = @__userId_0
      ORDER BY [f].[CreatedAt] DESC, [f].[Id], [a].[Id], [p].[Id], [c].[Id], [g].[Id]
info: Microsoft.EntityFrameworkCore.Database.Command[20101]
      Executed DbCommand (12ms) [Parameters=[@__userIds_0='?' (Size = 4000)], CommandType='Text', CommandTimeout='30']
      SELECT [u].[Id], [u].[AccessFailedCount], [u].[AvatarUrl], [u].[ConcurrencyStamp], [u].[CreatedAt], [u].[Email], [u].[EmailConfirmed], [u].[FirstName], [u].[IsActive], [u].[LastLoginAt], [u].[LastName], [u].[LockoutEnabled], [u].[LockoutEnd], [u].[NormalizedEmail], [u].[NormalizedUserName], [u].[PasswordHash], [u].[PhoneNumber], [u].[PhoneNumberConfirmed], [u].[RefreshToken], [u].[RefreshTokenExpiryTime], [u].[SecurityStamp], [u].[SubscriptionExpiryAt], [u].[SubscriptionType], [u].[TwoFactorEnabled], [u].[UserName]
      FROM [Users] AS [u]
      WHERE [u].[Id] IN (
          SELECT [u0].[value]
          FROM OPENJSON(@__userIds_0) WITH ([value] nvarchar(450) '$') AS [u0]
      )
info: Microsoft.EntityFrameworkCore.Database.Command[20101]
      Executed DbCommand (9ms) [Parameters=[@__visitorId_0='?' (Size = 4000)], CommandType='Text', CommandTimeout='30']
      SELECT CASE
          WHEN EXISTS (
              SELECT 1
              FROM [SiteVisits] AS [s]
              WHERE [s].[VisitorId] = @__visitorId_0) THEN CAST(1 AS bit)
          ELSE CAST(0 AS bit)
      END
info: Microsoft.EntityFrameworkCore.Database.Command[20101]
      Executed DbCommand (40ms) [Parameters=[@p0='?' (Size = 4000), @p1='?' (DbType = DateTime2), @p2='?' (Size = 4000)], CommandType='Text', CommandTimeout='30']
      SET IMPLICIT_TRANSACTIONS OFF;
      SET NOCOUNT ON;
      INSERT INTO [SiteVisits] ([Path], [VisitedAt], [VisitorId])
      OUTPUT INSERTED.[Id]
      VALUES (@p0, @p1, @p2);
info: Microsoft.EntityFrameworkCore.Database.Command[20101]
      Executed DbCommand (1ms) [Parameters=[@__visitorId_0='?' (Size = 4000)], CommandType='Text', CommandTimeout='30']
      SELECT CASE
          WHEN EXISTS (
              SELECT 1
              FROM [SiteVisits] AS [s]
              WHERE [s].[VisitorId] = @__visitorId_0) THEN CAST(1 AS bit)
          ELSE CAST(0 AS bit)
      END
info: Microsoft.EntityFrameworkCore.Database.Command[20101]
      Executed DbCommand (43ms) [Parameters=[@__userId_0='?' (Size = 450)], CommandType='Text', CommandTimeout='30']
      SELECT [f].[Id], [f].[AdvertisementId], [f].[CreatedAt], [f].[UserId], [a].[Id], [a].[AdminNotes], [a].[CreatedAt], [a].[Description], [a].[ExpiresAt], [a].[FeaturedUntil], [a].[IsFeatured], [a].[PhoneNumber], [a].[Price], [a].[PropertyId], [a].[PublisherType], [a].[ReviewedAt], [a].[ReviewedByUserId], [a].[Slug], [a].[Status], [a].[Title], [a].[Type], [a].[UpdatedAt], [a].[UserId], [a].[ViewCount], [p].[Id], [p].[Area], [p].[CitiesId], [p].[FloorNumber], [p].[Latitude], [p].[Longitude], [p].[NumberOfBathrooms], [p].[NumberOfBedrooms], [p].[NumberOfFloors], [p].[Type], [c].[Id], [c].[GovernoratesId], [c].[Latitude], [c].[Longitude], [c].[Name], [g].[Id], [g].[Latitude], [g].[Longitude], [g].[Name], [p0].[Id], [p0].[ImageUrl], [p0].[IsCover], [p0].[PropertyId]
      FROM [Favorites] AS [f]
      INNER JOIN [Advertisements] AS [a] ON [f].[AdvertisementId] = [a].[Id]
      INNER JOIN [Properties] AS [p] ON [a].[PropertyId] = [p].[Id]
      INNER JOIN [Cities] AS [c] ON [p].[CitiesId] = [c].[Id]
      INNER JOIN [Governorates] AS [g] ON [c].[GovernoratesId] = [g].[Id]
      LEFT JOIN [PropertyImages] AS [p0] ON [p].[Id] = [p0].[PropertyId]
      WHERE [f].[UserId] = @__userId_0
      ORDER BY [f].[CreatedAt] DESC, [f].[Id], [a].[Id], [p].[Id], [c].[Id], [g].[Id]
info: Microsoft.EntityFrameworkCore.Database.Command[20101]
      Executed DbCommand (25ms) [Parameters=[@__userIds_0='?' (Size = 4000)], CommandType='Text', CommandTimeout='30']
      SELECT [u].[Id], [u].[AccessFailedCount], [u].[AvatarUrl], [u].[ConcurrencyStamp], [u].[CreatedAt], [u].[Email], [u].[EmailConfirmed], [u].[FirstName], [u].[IsActive], [u].[LastLoginAt], [u].[LastName], [u].[LockoutEnabled], [u].[LockoutEnd], [u].[NormalizedEmail], [u].[NormalizedUserName], [u].[PasswordHash], [u].[PhoneNumber], [u].[PhoneNumberConfirmed], [u].[RefreshToken], [u].[RefreshTokenExpiryTime], [u].[SecurityStamp], [u].[SubscriptionExpiryAt], [u].[SubscriptionType], [u].[TwoFactorEnabled], [u].[UserName]
      FROM [Users] AS [u]
      WHERE [u].[Id] IN (
          SELECT [u0].[value]
          FROM OPENJSON(@__userIds_0) WITH ([value] nvarchar(450) '$') AS [u0]
      )
info: Microsoft.EntityFrameworkCore.Database.Command[20101]
      Executed DbCommand (4ms) [Parameters=[@__visitorId_0='?' (Size = 4000)], CommandType='Text', CommandTimeout='30']
      SELECT CASE
          WHEN EXISTS (
              SELECT 1
              FROM [SiteVisits] AS [s]
              WHERE [s].[VisitorId] = @__visitorId_0) THEN CAST(1 AS bit)
          ELSE CAST(0 AS bit)
      END
info: Microsoft.EntityFrameworkCore.Database.Command[20101]
      Executed DbCommand (2ms) [Parameters=[@p0='?' (Size = 4000), @p1='?' (DbType = DateTime2), @p2='?' (Size = 4000)], CommandType='Text', CommandTimeout='30']
      SET IMPLICIT_TRANSACTIONS OFF;
      SET NOCOUNT ON;
      INSERT INTO [SiteVisits] ([Path], [VisitedAt], [VisitorId])
      OUTPUT INSERTED.[Id]
      VALUES (@p0, @p1, @p2);
info: Microsoft.EntityFrameworkCore.Database.Command[20101]
      Executed DbCommand (1ms) [Parameters=[@__visitorId_0='?' (Size = 4000)], CommandType='Text', CommandTimeout='30']
      SELECT CASE
          WHEN EXISTS (
              SELECT 1
              FROM [SiteVisits] AS [s]
              WHERE [s].[VisitorId] = @__visitorId_0) THEN CAST(1 AS bit)
          ELSE CAST(0 AS bit)
      END
info: Microsoft.EntityFrameworkCore.Database.Command[20101]
      Executed DbCommand (2ms) [Parameters=[@__p_0='?' (DbType = Int32)], CommandType='Text', CommandTimeout='30']
      SELECT TOP(1) [a].[Id], [a].[AdminNotes], [a].[CreatedAt], [a].[Description], [a].[ExpiresAt], [a].[FeaturedUntil], [a].[IsFeatured], [a].[PhoneNumber], [a].[Price], [a].[PropertyId], [a].[PublisherType], [a].[ReviewedAt], [a].[ReviewedByUserId], [a].[Slug], [a].[Status], [a].[Title], [a].[Type], [a].[UpdatedAt], [a].[UserId], [a].[ViewCount]
      FROM [Advertisements] AS [a]
      WHERE [a].[Id] = @__p_0
info: Microsoft.EntityFrameworkCore.Database.Command[20101]
      Executed DbCommand (2ms) [Parameters=[@__userId_0='?' (Size = 450), @__advertisementId_1='?' (DbType = Int32)], CommandType='Text', CommandTimeout='30']
      SELECT TOP(1) [f].[Id], [f].[AdvertisementId], [f].[CreatedAt], [f].[UserId]
      FROM [Favorites] AS [f]
      WHERE [f].[UserId] = @__userId_0 AND [f].[AdvertisementId] = @__advertisementId_1
info: Microsoft.EntityFrameworkCore.Database.Command[20101]
      Executed DbCommand (2ms) [Parameters=[@p0='?' (DbType = Int32), @p1='?' (DbType = DateTime2), @p2='?' (Size = 450)], CommandType='Text', CommandTimeout='30']
      SET IMPLICIT_TRANSACTIONS OFF;
      SET NOCOUNT ON;
      INSERT INTO [Favorites] ([AdvertisementId], [CreatedAt], [UserId])
      OUTPUT INSERTED.[Id]
      VALUES (@p0, @p1, @p2);
info: Microsoft.EntityFrameworkCore.Database.Command[20101]
      Executed DbCommand (3ms) [Parameters=[@__visitorId_0='?' (Size = 4000)], CommandType='Text', CommandTimeout='30']
      SELECT CASE
          WHEN EXISTS (
              SELECT 1
              FROM [SiteVisits] AS [s]
              WHERE [s].[VisitorId] = @__visitorId_0) THEN CAST(1 AS bit)
          ELSE CAST(0 AS bit)
      END
info: Microsoft.EntityFrameworkCore.Database.Command[20101]
      Executed DbCommand (1ms) [Parameters=[@p0='?' (Size = 4000), @p1='?' (DbType = DateTime2), @p2='?' (Size = 4000)], CommandType='Text', CommandTimeout='30']
      SET IMPLICIT_TRANSACTIONS OFF;
      SET NOCOUNT ON;
      INSERT INTO [SiteVisits] ([Path], [VisitedAt], [VisitorId])
      OUTPUT INSERTED.[Id]
      VALUES (@p0, @p1, @p2);
info: Microsoft.EntityFrameworkCore.Database.Command[20101]
      Executed DbCommand (1ms) [Parameters=[@__visitorId_0='?' (Size = 4000)], CommandType='Text', CommandTimeout='30']
      SELECT CASE
          WHEN EXISTS (
              SELECT 1
              FROM [SiteVisits] AS [s]
              WHERE [s].[VisitorId] = @__visitorId_0) THEN CAST(1 AS bit)
          ELSE CAST(0 AS bit)
      END
info: Microsoft.EntityFrameworkCore.Database.Command[20101]
      Executed DbCommand (21ms) [Parameters=[@__userId_0='?' (Size = 450)], CommandType='Text', CommandTimeout='30']
      SELECT [f].[Id], [f].[AdvertisementId], [f].[CreatedAt], [f].[UserId], [a].[Id], [a].[AdminNotes], [a].[CreatedAt], [a].[Description], [a].[ExpiresAt], [a].[FeaturedUntil], [a].[IsFeatured], [a].[PhoneNumber], [a].[Price], [a].[PropertyId], [a].[PublisherType], [a].[ReviewedAt], [a].[ReviewedByUserId], [a].[Slug], [a].[Status], [a].[Title], [a].[Type], [a].[UpdatedAt], [a].[UserId], [a].[ViewCount], [p].[Id], [p].[Area], [p].[CitiesId], [p].[FloorNumber], [p].[Latitude], [p].[Longitude], [p].[NumberOfBathrooms], [p].[NumberOfBedrooms], [p].[NumberOfFloors], [p].[Type], [c].[Id], [c].[GovernoratesId], [c].[Latitude], [c].[Longitude], [c].[Name], [g].[Id], [g].[Latitude], [g].[Longitude], [g].[Name], [p0].[Id], [p0].[ImageUrl], [p0].[IsCover], [p0].[PropertyId]
      FROM [Favorites] AS [f]
      INNER JOIN [Advertisements] AS [a] ON [f].[AdvertisementId] = [a].[Id]
      INNER JOIN [Properties] AS [p] ON [a].[PropertyId] = [p].[Id]
      INNER JOIN [Cities] AS [c] ON [p].[CitiesId] = [c].[Id]
      INNER JOIN [Governorates] AS [g] ON [c].[GovernoratesId] = [g].[Id]
      LEFT JOIN [PropertyImages] AS [p0] ON [p].[Id] = [p0].[PropertyId]
      WHERE [f].[UserId] = @__userId_0
      ORDER BY [f].[CreatedAt] DESC, [f].[Id], [a].[Id], [p].[Id], [c].[Id], [g].[Id]
info: Microsoft.EntityFrameworkCore.Database.Command[20101]
      Executed DbCommand (18ms) [Parameters=[@__userIds_0='?' (Size = 4000)], CommandType='Text', CommandTimeout='30']
      SELECT [u].[Id], [u].[AccessFailedCount], [u].[AvatarUrl], [u].[ConcurrencyStamp], [u].[CreatedAt], [u].[Email], [u].[EmailConfirmed], [u].[FirstName], [u].[IsActive], [u].[LastLoginAt], [u].[LastName], [u].[LockoutEnabled], [u].[LockoutEnd], [u].[NormalizedEmail], [u].[NormalizedUserName], [u].[PasswordHash], [u].[PhoneNumber], [u].[PhoneNumberConfirmed], [u].[RefreshToken], [u].[RefreshTokenExpiryTime], [u].[SecurityStamp], [u].[SubscriptionExpiryAt], [u].[SubscriptionType], [u].[TwoFactorEnabled], [u].[UserName]
      FROM [Users] AS [u]
      WHERE [u].[Id] IN (
          SELECT [u0].[value]
          FROM OPENJSON(@__userIds_0) WITH ([value] nvarchar(450) '$') AS [u0]
      )
